[www.afci-formation.fr/index.html]
[backblue.gif]
[fade.gif]
[index.html]
[www.afci-formation.fr/wp-content/uploads/2024/08/community-young-people-happy-together-scaled.jpg]
[www.afci-formation.fr/feed/index.html]
[www.afci-formation.fr/comments/feed/index.html]
[www.afci-formation.fr/wp-content/plugins/header-footer-elementor/inc/widgets-css/frontendf122.css]
[www.afci-formation.fr/wp-content/plugins/honeypot/includes/css/wpad63f.css]
[www.afci-formation.fr/wp-content/plugins/wp-custom-cursors/public/css/wp_custom_cursors_main_style6de8.css]
[www.afci-formation.fr/wp-content/plugins/header-footer-elementor/assets/css/header-footer-elementorf122.css]
[www.afci-formation.fr/wp-content/plugins/elementor/assets/lib/eicons/css/elementor-icons.mine94d.css]
[www.afci-formation.fr/wp-content/plugins/elementor/assets/css/frontend-lite.mind5d5.css]
[www.afci-formation.fr/events/indexedf3.html]
[www.afci-formation.fr/wp-content/uploads/2024/08/beckan.zip]
[www.afci-formation.fr/wp-content/uploads/2021/10/Orkney-Bold.woff]
[www.afci-formation.fr/wp-content/uploads/2021/10/Orkney-Regular.woff]
[www.afci-formation.fr/wp-content/uploads/2021/10/Orkney-Regular-Italic.woff]
[www.afci-formation.fr/wp-content/plugins/elementor/assets/lib/swiper/v8/css/swiper.min94a4.css]
[www.afci-formation.fr/wp-content/plugins/elementor-pro/assets/css/frontend-lite.min28fc.css]
[www.afci-formation.fr/wp-content/plugins/elementor/assets/lib/font-awesome/css/all.mind5d5.css]
[www.afci-formation.fr/wp-content/plugins/elementor/assets/lib/font-awesome/css/v4-shims.mind5d5.css]
[www.afci-formation.fr/wp-content/themes/kadence/assets/css/global.min077c.css]
[www.afci-formation.fr/wp-content/themes/kadence/assets/css/header.min077c.css]
[www.afci-formation.fr/wp-content/themes/kadence/assets/css/content.min077c.css]
[www.afci-formation.fr/wp-content/themes/kadence/assets/css/related-posts.min077c.css]
[www.afci-formation.fr/wp-content/themes/kadence/assets/css/kadence-splide.min077c.css]
[www.afci-formation.fr/wp-content/themes/kadence/assets/css/footer.min077c.css]
[www.afci-formation.fr/wp-content/themes/kadence/assets/css/tribe-events.min077c.css]
[www.afci-formation.fr/wp-content/plugins/essential-addons-for-elementor-lite/assets/front-end/css/view/general.min9cb2.css]
[www.afci-formation.fr/wp-content/plugins/elementor/assets/lib/font-awesome/css/fontawesome.min52d5.css]
[www.afci-formation.fr/wp-content/plugins/elementor/assets/lib/font-awesome/css/brands.min52d5.css]
[www.afci-formation.fr/wp-content/plugins/elementor/assets/lib/font-awesome/css/solid.min52d5.css]
[www.afci-formation.fr/wp-includes/js/jquery/jquery.minf43b.js]
[www.afci-formation.fr/wp-includes/js/jquery/jquery-migrate.min5589.js]
[www.afci-formation.fr/wp-content/plugins/elementor/assets/lib/font-awesome/js/v4-shims.mind5d5.js]
[www.afci-formation.fr/wp-json/index.html]
[www.afci-formation.fr/wp-json/oembed/1.0/embedec96.json]
[www.afci-formation.fr/wp-json/oembed/1.0/embed398b]
[www.afci-formation.fr/wp-content/uploads/2021/08/AFCI-LOGO-Petit-150x150.png]
[www.afci-formation.fr/wp-content/uploads/2021/08/AFCI-LOGO-Petit.png]
[www.afci-formation.fr/wp-content/uploads/2021/09/lOGO-afci-1-1-300x212.png]
[www.afci-formation.fr/wp-content/plugins/elementor-pro/assets/css/widget-nav-menu.min2c2d.css]
[www.afci-formation.fr/wp-json/tribe/events/v1/index.html]
[www.afci-formation.fr/wp-content/uploads/2024/08/5421741_2822506-1024x1024.jpg]
[www.afci-formation.fr/qui-sommes-nous/index.html]
[www.afci-formation.fr/notre-equipe/index.html]
[www.afci-formation.fr/nos-outils-pedagogiques/index.html]
[www.afci-formation.fr/nos-partenaires/index.html]
[www.afci-formation.fr/form-e-lcms/index.html]
[www.afci-formation.fr/wp-content/uploads/2021/09/lOGO-afci-blanc.png]
[www.afci-formation.fr/toutesnosformations/index.html]
[www.afci-formation.fr/employee-detage-en-hotellerie-2/index.html]
[www.afci-formation.fr/tp-gouvernante-en-hotellerie/index.html]
[www.afci-formation.fr/tp-receptionniste-en-hotellerie/index.html]
[www.afci-formation.fr/acces-a-la-qualification-metiers-de-lhotellerie-restauration/index.html]
[www.afci-formation.fr/bts-mhr/index.html]
[www.afci-formation.fr/wp-content/plugins/elementor/assets/css/widget-icon-list.min.css]
[www.afci-formation.fr/service-en-restaurant/index.html]
[www.afci-formation.fr/tp-agent-de-r/index.html]
[www.afci-formation.fr/tp-cuisinier/index.html]
[www.afci-formation.fr/elementor-32313/index.html]
[www.afci-formation.fr/wp-content/uploads/2021/09/Handicaps-150x150.jpg]
[www.afci-formation.fr/cap_patisserie/index.html]
[www.afci-formation.fr/cap-cuisine/index.html]
[www.afci-formation.fr/assistante_vie_familles/index.html]
[www.afci-formation.fr/haccp-2/index.html]
[www.afci-formation.fr/advd/index.html]
[www.afci-formation.fr/wp-content/uploads/2021/09/Capture-decran-2021-01-07-a-18.43.56-1024x439-1.png]
[www.afci-formation.fr/assistante-maternelle-garde-denfant/index.html]
[www.afci-formation.fr/wp-content/plugins/elementor/assets/lib/animations/animations.mind5d5.css]
[www.afci-formation.fr/wp-includes/css/dashicons.min109c.css]
[www.afci-formation.fr/auxiliaire-ambulancier/index.html]
[www.afci-formation.fr/ash/index.html]
[www.afci-formation.fr/tp-agent-de-service-medico-social/index.html]
[www.afci-formation.fr/wp-content/plugins/honeypot/includes/js/wpad63f.js]
[www.afci-formation.fr/wp-content/plugins/wp-custom-cursors/public/js/wp_custom_cursors_main_script6de8.js]
[www.afci-formation.fr/wp-content/themes/kadence/assets/js/navigation.min077c.js]
[www.afci-formation.fr/wp-content/plugins/q2w3-fixed-widget/js/frontend.min18cf.js]
[www.afci-formation.fr/wp-content/plugins/essential-addons-for-elementor-lite/assets/front-end/js/view/general.min9cb2.js]
[www.afci-formation.fr/wp-content/plugins/elementor-pro/assets/lib/sticky/jquery.sticky.min28fc.js]
[www.afci-formation.fr/wp-content/plugins/elementor-pro/assets/lib/smartmenus/jquery.smartmenus.min1576.js]
[www.afci-formation.fr/wp-content/plugins/elementor-pro/assets/js/webpack-pro.runtime.min28fc.js]
[www.afci-formation.fr/wp-content/plugins/elementor/assets/js/webpack.runtime.mind5d5.js]
[www.afci-formation.fr/dwwm/index.html]
[www.afci-formation.fr/wp-content/plugins/elementor/assets/js/frontend-modules.mind5d5.js]
[www.afci-formation.fr/wp-includes/js/dist/hooks.min2757.js]
[www.afci-formation.fr/wp-includes/js/dist/i18n.minc33c.js]
[www.afci-formation.fr/wp-content/plugins/elementor-pro/assets/js/frontend.min28fc.js]
[www.afci-formation.fr/wp-content/plugins/elementor/assets/lib/waypoints/waypoints.min05da.js]
[www.afci-formation.fr/wp-includes/js/jquery/ui/core.minb37e.js]
[www.afci-formation.fr/wp-content/plugins/elementor/assets/js/frontend.mind5d5.js]
[www.afci-formation.fr/wp-content/plugins/elementor-pro/assets/js/elements-handlers.min28fc.js]
[www.afci-formation.fr/index.html]
[www.afci-formation.fr/anglais_visee_professionnelle/index.html]
[www.afci-formation.fr/wp-json/oembed/1.0/embedcd4f.json]
[www.afci-formation.fr/wp-json/oembed/1.0/embeda60b]
[www.afci-formation.fr/feed/index.html]
[www.afci-formation.fr/elementor-28925/index.html]
[www.afci-formation.fr/wp-json/oembed/1.0/embed23cc.json]
[www.afci-formation.fr/wp-json/oembed/1.0/embed0ff6]
[www.afci-formation.fr/comments/feed/index.html]
[www.afci-formation.fr/events/indexedf3.html]
[www.afci-formation.fr/wp-content/plugins/header-footer-elementor/inc/widgets-css/frontendf122.css]
[www.afci-formation.fr/wp-content/plugins/honeypot/includes/css/wpad63f.css]
[www.afci-formation.fr/wp-content/plugins/wp-custom-cursors/public/css/wp_custom_cursors_main_style6de8.css]
[www.afci-formation.fr/elementor-28941/index.html]
[www.afci-formation.fr/wp-content/plugins/header-footer-elementor/assets/css/header-footer-elementorf122.css]
[www.afci-formation.fr/wp-content/plugins/elementor/assets/lib/eicons/fonts/eiconsc63f.eot]
[www.afci-formation.fr/wp-content/plugins/elementor/assets/lib/eicons/fonts/eiconsc63f.woff2]
[www.afci-formation.fr/wp-content/plugins/elementor/assets/lib/eicons/fonts/eiconsc63f.woff]
[www.afci-formation.fr/wp-content/plugins/elementor/assets/lib/eicons/fonts/eiconsc63f.ttf]
[www.afci-formation.fr/wp-content/plugins/elementor/assets/lib/eicons/css/elementor-icons.mine94d.css]
[www.afci-formation.fr/wp-content/plugins/elementor/assets/lib/eicons/fonts/eiconsc63f.svg]
[www.afci-formation.fr/wp-content/plugins/elementor/assets/css/frontend-lite.mind5d5.css]
[www.afci-formation.fr/wp-content/plugins/elementor/assets/lib/swiper/v8/css/swiper.min94a4.css]
[www.afci-formation.fr/wp-content/plugins/elementor-pro/assets/css/frontend-lite.min28fc.css]
[www.afci-formation.fr/wp-content/plugins/elementor/assets/lib/font-awesome/webfonts/fa-brands-400.eot]
[www.afci-formation.fr/wp-content/plugins/elementor/assets/lib/font-awesome/webfonts/fa-brands-400d41d.eot]
[www.afci-formation.fr/wp-content/plugins/elementor/assets/lib/font-awesome/webfonts/fa-brands-400.woff2]
[www.afci-formation.fr/wp-content/plugins/elementor/assets/lib/font-awesome/webfonts/fa-brands-400.woff]
[www.afci-formation.fr/espace-apprenants/index.html]
[www.afci-formation.fr/thonon-les-bains/index.html]
[www.afci-formation.fr/wp-content/plugins/elementor/assets/lib/font-awesome/webfonts/fa-brands-400.ttf]
[www.afci-formation.fr/wp-content/plugins/elementor/assets/lib/font-awesome/webfonts/fa-brands-400.svg]
[www.afci-formation.fr/wp-content/plugins/elementor/assets/lib/font-awesome/webfonts/fa-regular-400.eot]
[www.afci-formation.fr/wp-content/plugins/elementor/assets/lib/font-awesome/webfonts/fa-regular-400d41d.eot]
[www.afci-formation.fr/wp-content/plugins/elementor/assets/lib/font-awesome/webfonts/fa-regular-400.woff2]
[www.afci-formation.fr/wp-content/plugins/elementor/assets/lib/font-awesome/webfonts/fa-regular-400.woff]
[www.afci-formation.fr/wp-content/plugins/elementor/assets/lib/font-awesome/webfonts/fa-regular-400.ttf]
[www.afci-formation.fr/wp-content/plugins/elementor/assets/lib/font-awesome/webfonts/fa-regular-400.svg]
[www.afci-formation.fr/wp-content/plugins/elementor/assets/lib/font-awesome/webfonts/fa-solid-900.eot]
[www.afci-formation.fr/wp-content/plugins/elementor/assets/lib/font-awesome/webfonts/fa-solid-900d41d.eot]
[www.afci-formation.fr/wp-content/plugins/elementor/assets/lib/font-awesome/webfonts/fa-solid-900.woff2]
[www.afci-formation.fr/wp-content/plugins/elementor/assets/lib/font-awesome/webfonts/fa-solid-900.woff]
[www.afci-formation.fr/wp-content/plugins/elementor/assets/lib/font-awesome/webfonts/fa-solid-900.ttf]
[www.afci-formation.fr/wp-content/plugins/elementor/assets/lib/font-awesome/css/all.mind5d5.css]
[www.afci-formation.fr/wp-content/plugins/elementor/assets/lib/font-awesome/css/v4-shims.mind5d5.css]
[www.afci-formation.fr/wp-content/themes/kadence/assets/css/global.min077c.css]
[www.afci-formation.fr/wp-content/themes/kadence/assets/css/header.min077c.css]
[www.afci-formation.fr/wp-content/themes/kadence/assets/css/content.min077c.css]
[www.afci-formation.fr/wp-content/themes/kadence/assets/css/related-posts.min077c.css]
[www.afci-formation.fr/wp-content/themes/kadence/assets/css/kadence-splide.min077c.css]
[www.afci-formation.fr/wp-content/themes/kadence/assets/css/footer.min077c.css]
[www.afci-formation.fr/wp-content/themes/kadence/assets/css/tribe-events.min077c.css]
[www.afci-formation.fr/wp-content/plugins/essential-addons-for-elementor-lite/assets/front-end/css/view/general.min9cb2.css]
[www.afci-formation.fr/wp-content/plugins/elementor/assets/lib/font-awesome/css/fontawesome.min52d5.css]
[www.afci-formation.fr/wp-content/plugins/elementor/assets/lib/font-awesome/css/brands.min52d5.css]
[www.afci-formation.fr/wp-content/plugins/elementor/assets/lib/font-awesome/css/solid.min52d5.css]
[www.afci-formation.fr/xmlrpc0db0.html]
[www.afci-formation.fr/indexe730.html]
[www.afci-formation.fr/wp-content/plugins/elementor-pro/assets/css/widget-nav-menu.min2c2d.css]
[www.afci-formation.fr/wp-content/plugins/elementor/assets/lib/font-awesome/webfonts/fa-solid-900.svg]
[www.afci-formation.fr/wp-content/uploads/2021/11/colleagues-studying-together-for-an-exam-scaled.jpg]
[www.afci-formation.fr/wp-json/oembed/1.0/embed19fc.json]
[www.afci-formation.fr/qui-sommes-nous/index.html]
[www.afci-formation.fr/wp-json/oembed/1.0/embed12b2]
[www.afci-formation.fr/wp-content/uploads/2024/08/Attachment-4.png]
[www.afci-formation.fr/wp-json/oembed/1.0/embedac6e.json]
[www.afci-formation.fr/notre-equipe/index.html]
[www.afci-formation.fr/wp-json/oembed/1.0/embed184f]
[www.afci-formation.fr/wp-content/uploads/2024/08/logo_white_background-scaled.jpg]
[www.afci-formation.fr/wp-json/oembed/1.0/embed0caf.json]
[www.afci-formation.fr/form-e-lcms/index.html]
[www.afci-formation.fr/wp-json/oembed/1.0/embeddfae]
[www.afci-formation.fr/wp-content/uploads/2024/08/logo_white_background-1024x329.jpg]
[www.afci-formation.fr/wp-json/oembed/1.0/embed54cd.json]
[www.afci-formation.fr/nos-outils-pedagogiques/index.html]
[www.afci-formation.fr/wp-json/oembed/1.0/embedf1b3]
[www.afci-formation.fr/wp-content/uploads/2021/11/9814-1024x744.jpg]
[www.afci-formation.fr/wp-json/oembed/1.0/embed9db8.json]
[www.afci-formation.fr/nos-partenaires/index.html]
[www.afci-formation.fr/wp-json/oembed/1.0/embedcec2]
[www.afci-formation.fr/wp-content/uploads/2024/08/pillow-bed-with-light-lamp-1-scaled.jpg]
[www.afci-formation.fr/wp-json/oembed/1.0/embedfbd8.json]
[www.afci-formation.fr/toutesnosformations/index.html]
[www.afci-formation.fr/wp-json/oembed/1.0/embed9bb3]
[www.afci-formation.fr/wp-json/oembed/1.0/embedc458.json]
[www.afci-formation.fr/employee-detage-en-hotellerie-2/index.html]
[www.afci-formation.fr/wp-json/oembed/1.0/embedd81f]
[www.afci-formation.fr/wp-json/oembed/1.0/embeda4ec.json]
[www.afci-formation.fr/tp-gouvernante-en-hotellerie/index.html]
[www.afci-formation.fr/wp-json/oembed/1.0/embedc868]
[www.afci-formation.fr/wp-content/uploads/2022/07/receptionists-gaeeb04345_640.jpg]
[www.afci-formation.fr/wp-json/oembed/1.0/embedb897.json]
[www.afci-formation.fr/tp-receptionniste-en-hotellerie/index.html]
[www.afci-formation.fr/wp-json/oembed/1.0/embed551c]
[www.afci-formation.fr/wp-content/uploads/2022/07/restaurant-g38feda1ed_640.jpg]
[www.afci-formation.fr/wp-json/oembed/1.0/embed2dba.json]
[www.afci-formation.fr/acces-a-la-qualification-metiers-de-lhotellerie-restauration/index.html]
[www.afci-formation.fr/wp-json/oembed/1.0/embed2dea]
[www.afci-formation.fr/wp-content/uploads/2022/07/bar-g4ae18eee8_640.jpg]
[www.afci-formation.fr/wp-json/oembed/1.0/embede7d5.json]
[www.afci-formation.fr/bts-mhr/index.html]
[www.afci-formation.fr/wp-json/oembed/1.0/embede6eb]
[www.afci-formation.fr/wp-content/uploads/2024/08/pexels-ron-lach-8921579-scaled.jpg]
[www.afci-formation.fr/wp-json/oembed/1.0/embed8cad.json]
[www.afci-formation.fr/service-en-restaurant/index.html]
[www.afci-formation.fr/wp-json/oembed/1.0/embed6f80]
[www.afci-formation.fr/wp-content/uploads/2024/08/pexels-olgalioncat-7245482-scaled.jpg]
[www.afci-formation.fr/wp-json/oembed/1.0/embed92d3.json]
[www.afci-formation.fr/tp-agent-de-r/index.html]
[www.afci-formation.fr/wp-json/oembed/1.0/embed434b]
[www.afci-formation.fr/wp-content/uploads/2021/10/michael-browning-MtqG1lWcUw0-unsplash-scaled.jpg]
[www.afci-formation.fr/wp-json/oembed/1.0/embedfc62.json]
[www.afci-formation.fr/tp-cuisinier/index.html]
[www.afci-formation.fr/wp-json/oembed/1.0/embedcff4]
[www.afci-formation.fr/wp-content/uploads/2024/08/2149233685.jpg]
[www.afci-formation.fr/wp-json/oembed/1.0/embed15f8.json]
[www.afci-formation.fr/elementor-32313/index.html]
[www.afci-formation.fr/wp-json/oembed/1.0/embed035e]
[www.afci-formation.fr/wp-content/uploads/2024/08/pexels-pixabay-461431.jpg]
[www.afci-formation.fr/wp-json/oembed/1.0/embed8017.json]
[www.afci-formation.fr/cap_patisserie/index.html]
[www.afci-formation.fr/wp-json/oembed/1.0/embedb6e9]
[www.afci-formation.fr/wp-content/uploads/2024/08/pexels-marketingtuig-66639-scaled.jpg]
[www.afci-formation.fr/wp-json/oembed/1.0/embedcf43.json]
[www.afci-formation.fr/cap-cuisine/index.html]
[www.afci-formation.fr/wp-json/oembed/1.0/embedd8dd]
[www.afci-formation.fr/wp-json/oembed/1.0/embeded8c.json]
[www.afci-formation.fr/haccp-2/index.html]
[www.afci-formation.fr/wp-json/oembed/1.0/embedf3e1]
[www.afci-formation.fr/wp-content/uploads/2024/08/smiley-man-woman-medium-shot-scaled.jpg]
[www.afci-formation.fr/wp-json/oembed/1.0/embedb8ee.json]
[www.afci-formation.fr/assistante_vie_familles/index.html]
[www.afci-formation.fr/wp-json/oembed/1.0/embeda0b5]
[www.afci-formation.fr/wp-content/uploads/2021/11/telechargement-1.png]
[www.afci-formation.fr/wp-json/oembed/1.0/embed3d5c.json]
[www.afci-formation.fr/advd/index.html]
[www.afci-formation.fr/wp-json/oembed/1.0/embed71b9]
[www.afci-formation.fr/wp-json/oembed/1.0/embed1c1e.json]
[www.afci-formation.fr/assistante-maternelle-garde-denfant/index.html]
[www.afci-formation.fr/wp-json/oembed/1.0/embed58d2]
[www.afci-formation.fr/wp-content/uploads/2022/07/medical-gd39295530_640.jpg]
[www.afci-formation.fr/wp-json/oembed/1.0/embed1b84.json]
[www.afci-formation.fr/tp-agent-de-service-medico-social/index.html]
[www.afci-formation.fr/wp-json/oembed/1.0/embedd0b7]
[www.afci-formation.fr/wp-content/uploads/2024/08/african-american-female-paramedic-standing-front-ambulance-car-scaled.jpg]
[www.afci-formation.fr/wp-json/oembed/1.0/embed25a6.json]
[www.afci-formation.fr/auxiliaire-ambulancier/index.html]
[www.afci-formation.fr/wp-json/oembed/1.0/embede5ce]
[www.afci-formation.fr/wp-json/oembed/1.0/embed3d05.json]
[www.afci-formation.fr/ash/index.html]
[www.afci-formation.fr/acces-a-la-qualification-metiers-de-service-daide-a-la-personne/index.html]
[www.afci-formation.fr/acces-a-la-qualification-metiers-du-sanitaire-et-du-service-medico-social/index.html]
[www.afci-formation.fr/tp-secretaire-assistante-medico-social/index.html]
[www.afci-formation.fr/tp-employe-administratif-daccueil/index.html]
[www.afci-formation.fr/acces-a-la-qualification-metiers-du-secretariat-et-de-la-bureautique/index.html]
[www.afci-formation.fr/tssr/index.html]
[www.afci-formation.fr/trte/index.html]
[www.afci-formation.fr/tai/index.html]
[www.afci-formation.fr/referent-digital/index.html]
[www.afci-formation.fr/cda/index.html]
[www.afci-formation.fr/wp-json/oembed/1.0/embed1040]
[www.afci-formation.fr/wp-content/uploads/2024/08/programer-coding-laptop-sitting-down-desk-with-computer-screens-parsing-code-software-agency-software-developer-compiling-algorithms-wi]
[www.afci-formation.fr/wp-json/oembed/1.0/embeda9a0.json]
[www.afci-formation.fr/dwwm/index.html]
[www.afci-formation.fr/ms-pack-bureautique/index.html]
[www.afci-formation.fr/environnement-numerique-et-competences-bureautiques/index.html]
[www.afci-formation.fr/acces-a-la-qualification-metiers-du-numerique/index.html]
[www.afci-formation.fr/delf/index.html]
[www.afci-formation.fr/d/index.html]
[www.afci-formation.fr/wp-json/oembed/1.0/embed3f92]
[www.afci-formation.fr/wp-json/oembed/1.0/embed16dc.json]
[www.afci-formation.fr/anglais_visee_professionnelle/index.html]
[www.afci-formation.fr/elementor-33767/index.html]
[www.afci-formation.fr/fl_ofii/index.html]
[www.afci-formation.fr/parcours-dentree-dans-lemploi/index.html]
[www.afci-formation.fr/competences-de-base-professionnelles/index.html]
[www.afci-formation.fr/cnumpro-parcours-1/index.html]
[www.afci-formation.fr/cnumpro-parcours-2/index.html]
[www.afci-formation.fr/nos-centres/index.html]
[www.afci-formation.fr/wp-json/oembed/1.0/embed9bea]
[www.afci-formation.fr/wp-json/oembed/1.0/embed95f8.json]
[www.afci-formation.fr/elementor-28925/index.html]
[www.afci-formation.fr/afci-guise/index.html]
[www.afci-formation.fr/afci-laon/index.html]
[www.afci-formation.fr/afci-saint-quentin/index.html]
[www.afci-formation.fr/afci-villeneuve-dascq/index.html]
[www.afci-formation.fr/dunkerque/index.html]
[www.afci-formation.fr/hazebrouck/index.html]
[www.afci-formation.fr/m/index.html]
[www.afci-formation.fr/roubaix/index.html]
[www.afci-formation.fr/afci-valenciennes/index.html]
[www.afci-formation.fr/afci-beauvais/index.html]
[www.afci-formation.fr/compiegne/index.html]
[www.afci-formation.fr/afci-senlis/index.html]
[www.afci-formation.fr/afci-arras/index.html]
[www.afci-formation.fr/afci-lievin/index.html]
[www.afci-formation.fr/abbeville/index.html]
[www.afci-formation.fr/afci-amiens/index.html]
[www.afci-formation.fr/wp-json/oembed/1.0/embed86ab]
[www.afci-formation.fr/wp-json/oembed/1.0/embedaca7.json]
[www.afci-formation.fr/elementor-28941/index.html]
[www.afci-formation.fr/afci-boucry/index.html]
[www.afci-formation.fr/afci-charonne/index.html]
[www.afci-formation.fr/afci-crimee/index.html]
[www.afci-formation.fr/afci-reunion/index.html]
[www.afci-formation.fr/afci-coulommiers/index.html]
[www.afci-formation.fr/afci-fontainebleau/index.html]
[www.afci-formation.fr/afci-chilly-mazarin/index.html]
[www.afci-formation.fr/afci-evry/index.html]
[www.afci-formation.fr/afci-les-ulis/index.html]
[www.afci-formation.fr/afci-poissy/index.html]
[www.afci-formation.fr/afci-saint-germain-en-laye/index.html]
[www.afci-formation.fr/afci-versailles/index.html]
[www.afci-formation.fr/afci-boulogne-billancourt/index.html]
[www.afci-formation.fr/acfi-clichy-general-leclerc/index.html]
[www.afci-formation.fr/afci-clichy-poyer/index.html]
[www.afci-formation.fr/afci-nanterre/index.html]
[www.afci-formation.fr/afci-bobigny/index.html]
[www.afci-formation.fr/afci-drancy/index.html]
[www.afci-formation.fr/afci-pantin/index.html]
[www.afci-formation.fr/afci-saint-ouen-bauer/index.html]
[www.afci-formation.fr/afci-saint-ouen-entrepots/index.html]
[www.afci-formation.fr/afci-villepinte/index.html]
[www.afci-formation.fr/afci-boissy-saint-leger/index.html]
[www.afci-formation.fr/afci-gentilly/index.html]
[www.afci-formation.fr/afci-cergy/index.html]
[www.afci-formation.fr/elementor-28933/index.html]
[www.afci-formation.fr/annecy/index.html]
[www.afci-formation.fr/etrembieres/index.html]
[www.afci-formation.fr/wp-json/oembed/1.0/embed9ba3]
[www.afci-formation.fr/wp-content/uploads/2022/03/paris-g52e6e392c_640.jpg]
[www.afci-formation.fr/wp-json/oembed/1.0/embedb3f5.json]
[www.afci-formation.fr/thonon-les-bains/index.html]
[www.afci-formation.fr/wp-json/oembed/1.0/embed69e3]
[www.afci-formation.fr/wp-content/uploads/2021/11/img1-1.png]
[www.afci-formation.fr/wp-json/oembed/1.0/embede573.json]
[www.afci-formation.fr/espace-apprenants/index.html]
[www.afci-formation.fr/wp-content/plugins/elementor/assets/css/widget-icon-list.min.css]
[www.afci-formation.fr/wp-content/plugins/elementor/assets/lib/animations/animations.mind5d5.css]
[www.afci-formation.fr/wp-json/oembed/1.0/embed8975]
[www.afci-formation.fr/wp-includes/fonts/dashicons7d4b.eot]
[www.afci-formation.fr/wp-includes/css/dashicons.min109c.css]
[www.afci-formation.fr/lievin-4/feed/index.html]
[www.afci-formation.fr/xmlrpc.html]
[www.afci-formation.fr/wp-includes/fonts/dashicons7d4b.ttf]
[www.afci-formation.fr/wp-content/plugins/elementor/assets/lib/eicons/fonts/eiconsc63f.svg]
[www.afci-formation.fr/wp-content/plugins/elementor/assets/lib/font-awesome/webfonts/fa-brands-400.svg]
[www.afci-formation.fr/wp-content/plugins/elementor/assets/lib/font-awesome/webfonts/fa-regular-400.svg]
[www.afci-formation.fr/wp-content/plugins/elementor/assets/lib/font-awesome/webfonts/fa-solid-900.svg]
[www.afci-formation.fr/index92dc.html]
